$ Success.
$ Success.
$ Trader now has 100.00 units of ABC.
$ Trader now has 1000.00 units of CDE.
$ Trader now has no units of CDE.
$ Product not in inventory.
$ 100.00
$ Product not in inventory.
$ Product not in inventory.
$ No such trader in the market.
$ Have a nice day.
