$ Success.
$ Success.
$ Success.
$ Success.
$ $100.55
$ No such trader in the market.
$ Have a nice day.