$ Success.
$ Success.
$ No such trader in the market.
$ Could not import product into market.
$ Trader now has 100.00 units of ABC.
$ No such trader in the market.
$ Could not export product out of market.
$ Could not export product out of market.
$ Could not export product out of market.
$ Trader now has 50.00 units of ABC.
$ Trader now has no units of ABC.
$ Have a nice day.