$ Success.
$ Success.
$ Trader now has 100 units of ABC.
$ Trader now has 1000 units of CDE.
$ ABC
CDE
$ No such trader in the market.
$ Trader has an empty inventory.
$ Have a nice day.
