$ Success.
$ Success.
$ Success.
$ Trader now has 100.00 units of ABC.
$ Trader now has 1000.00 units of CDE.
$ No trades could be made, order added to sell book.
$ No trades could be made, order added to buy book.
$ Product bought in entirety, trades as follows:
trader1->trader2: 10.00xABC for $5.00.
$ Product sold in part, trades as follows:
trader1->trader2: 100.00xCDE for $10.00.
$ Product bought in entirety, trades as follows:
trader1->trader2: 400.00xCDE for $5.00.
$ No such trader in the market.
$ No trades have been completed by trader.
$ trader1->trader2: 10.00xABC for $5.00.
trader1->trader2: 100.00xCDE for $10.00.
trader1->trader2: 400.00xCDE for $5.00.
$ No trades have been completed with given product.
$ trader1->trader2: 100.00xCDE for $10.00.
trader1->trader2: 400.00xCDE for $5.00.
$ Have a nice day.