$ No traders in the market.
$ Success.
$ Success.
$ No orders in either book in the market.
$ Trader now has 100.00 units of ABC.
$ Trader now has 500.00 units of CDE.
$ No trades could be made, order added to sell book.
$ trader1
trader2
$ Have a nice day.